
> design-system-storybook@0.0.0 build-storybook
> storybook build


[90mΓöî[39m  Building storybook v10.3.5
[90mΓöé[39m
[32mΓùç[39m  Cleaning outputDir: [36mstorybook-static[39m
[90mΓöé[39m
[32mΓùç[39m  Loading presets
[90mΓöé[39m
[32mΓùç[39m  Building manager..
[90mΓöé[39m
[34mΓùÅ[39m  Building preview..
[90mΓöé[39m  [43mVite[49m [36mvite v8.0.8 [32mbuilding client environment for production...[36m[39m
[2K
transforming...Γ£ô 696 modules transformed.
rendering chunks...
computing gzip size...
[90mΓöé[39m  [43mVite[49m storybook-static/iframe.html
[90mΓöé[39m  19.00 kB Γöé gzip:   5.36 kB
[90mΓöé[39m  storybook-static/assets/Header-CzZBVs_w.css
[90mΓöé[39m  0.50 kB Γöé gzip:   0.29 kB
[90mΓöé[39m  storybook-static/assets/Button-C9QAnAgh.css
[90mΓöé[39m  0.51 kB Γöé gzip:   0.28 kB
[90mΓöé[39m  storybook-static/assets/Page-R7v0XIE6.css
[90mΓöé[39m  0.91 kB Γöé gzip:   0.39 kB
[90mΓöé[39m  storybook-static/assets/react-DV3rprDa.js
[90mΓöé[39m  0.07 kB Γöé gzip:   0.08 kB
[90mΓöé[39m  storybook-static/assets/theming-BPJWExxG.js
[90mΓöé[39m  0.07 kB Γöé gzip:   0.08 kB
[90mΓöé[39m  storybook-static/assets/react-18-C3k44wQL.js
[90mΓöé[39m  0.10 kB Γöé gzip:   0.10 kB
[90mΓöé[39m  storybook-static/assets/docs-tools-DmEYWqO1.js
[90mΓöé[39m  0.12 kB Γöé gzip:   0.11 kB
[90mΓöé[39m  storybook-static/assets/components-BO6tGlAZ.js
[90mΓöé[39m  0.14 kB Γöé gzip:   0.13 kB
[90mΓöé[39m  storybook-static/assets/chunk-CYSK6WYR-CWwWBsLw.js
[90mΓöé[39m  0.15 kB Γöé gzip:   0.13 kB
[90mΓöé[39m  storybook-static/assets/chunk-4BE7D4DS-B57yRyCW.js
[90mΓöé[39m  0.16 kB Γöé gzip:   0.15 kB
[90mΓöé[39m  storybook-static/assets/chunk-242VQQM5-BxrfRarl.js
[90mΓöé[39m  0.21 kB Γöé gzip:   0.18 kB
[90mΓöé[39m  storybook-static/assets/formatter-EIJCOSYU-_iaH0nTU.js
[90mΓöé[39m  0.27 kB Γöé gzip:   0.21 kB
[90mΓöé[39m  storybook-static/assets/jsx-runtime-fcfuQg7E.js
[90mΓöé[39m  0.42 kB Γöé gzip:   0.29 kB
[90mΓöé[39m  storybook-static/assets/Input.stories-Dkqw5NdY.js
[90mΓöé[39m  0.44 kB Γöé gzip:   0.29 kB
[90mΓöé[39m  storybook-static/assets/react-DJaLQcJe.js
[90mΓöé[39m  0.48 kB Γöé gzip:   0.30 kB
[90mΓöé[39m  storybook-static/assets/Input-cYu9-cpZ.js
[90mΓöé[39m  0.49 kB Γöé gzip:   0.31 kB
[90mΓöé[39m  storybook-static/assets/chunk-SL3VIQZ3-4CiRMKgq.js
[90mΓöé[39m  0.68 kB Γöé gzip:   0.42 kB
[90mΓöé[39m  storybook-static/assets/Header.stories-0NGPOUG-.js
[90mΓöé[39m  0.72 kB Γöé gzip:   0.41 kB
[90mΓöé[39m  storybook-static/assets/useSlot-BgjGrk_m.js
[90mΓöé[39m  0.80 kB Γöé gzip:   0.47 kB
[90mΓöé[39m  storybook-static/assets/Paragraph.stories-SayQjfJ0.js
[90mΓöé[39m  0.88 kB Γöé gzip:   0.49 kB
[90mΓöé[39m  storybook-static/assets/chunk-A242L54C-BY7o5QOM.js
[90mΓöé[39m  0.91 kB Γöé gzip:   0.53 kB
[90mΓöé[39m  storybook-static/assets/Form.stories-ukP92jMu.js
[90mΓöé[39m  0.91 kB Γöé gzip:   0.51 kB
[90mΓöé[39m  storybook-static/assets/FileInput.stories-l7SbtSK-.js
[90mΓöé[39m  0.92 kB Γöé gzip:   0.53 kB
[90mΓöé[39m  storybook-static/assets/TextArea.stories-40GhkzPX.js
[90mΓöé[39m  0.95 kB Γöé gzip:   0.54 kB
[90mΓöé[39m  storybook-static/assets/createSimplePaletteValueFilter-nGL2moCn.js
[90mΓöé[39m  0.98 kB Γöé gzip:   0.53 kB
[90mΓöé[39m  storybook-static/assets/chunk-BneVvdWh.js
[90mΓöé[39m  1.11 kB Γöé gzip:   0.63 kB
[90mΓöé[39m  storybook-static/assets/utils-B-DDsaYQ.js
[90mΓöé[39m  1.12 kB Γöé gzip:   0.54 kB
[90mΓöé[39m  storybook-static/assets/Heading.stories-Vw3B5CqX.js
[90mΓöé[39m  1.21 kB Γöé gzip:   0.63 kB
[90mΓöé[39m  storybook-static/assets/Button.stories-Da_OdCba.js
[90mΓöé[39m  1.26 kB Γöé gzip:   0.51 kB
[90mΓöé[39m  storybook-static/assets/preload-helper-CV6hqhE5.js
[90mΓöé[39m  1.27 kB Γöé gzip:   0.73 kB
[90mΓöé[39m  storybook-static/assets/Button-BwMDRzHG.js
[90mΓöé[39m  1.35 kB Γöé gzip:   0.66 kB
[90mΓöé[39m  storybook-static/assets/Table.stories-DR7g9Psv.js
[90mΓöé[39m  1.38 kB Γöé gzip:   0.70 kB
[90mΓöé[39m  storybook-static/assets/List-VDCBtBhl.js
[90mΓöé[39m  1.55 kB Γöé gzip:   0.81 kB
[90mΓöé[39m  storybook-static/assets/Modal.stories-DEHhp5To.js
[90mΓöé[39m  1.66 kB Γöé gzip:   0.85 kB
[90mΓöé[39m  storybook-static/assets/Header-BcQI12-s.js
[90mΓöé[39m  1.99 kB Γöé gzip:   0.86 kB
[90mΓöé[39m  storybook-static/assets/Image.stories-DeA-lQvu.js
[90mΓöé[39m  2.13 kB Γöé gzip:   1.04 kB
[90mΓöé[39m  storybook-static/assets/FormLabel-DlKD81ez.js
[90mΓöé[39m  2.32 kB Γöé gzip:   1.10 kB
[90mΓöé[39m  storybook-static/assets/ListItemText-CVv9iSJ8.js
[90mΓöé[39m  2.46 kB Γöé gzip:   1.16 kB
[90mΓöé[39m  storybook-static/assets/Paper-CXv5Jy_Y.js
[90mΓöé[39m  2.46 kB Γöé gzip:   1.16 kB
[90mΓöé[39m  storybook-static/assets/Typography-CYwq7JZI.js
[90mΓöé[39m  2.88 kB Γöé gzip:   1.31 kB
[90mΓöé[39m  storybook-static/assets/formControlState-C6LI60QN.js
[90mΓöé[39m  3.02 kB Γöé gzip:   1.46 kB
[90mΓöé[39m  storybook-static/assets/react-dom-Damuilbr.js
[90mΓöé[39m  3.56 kB Γöé gzip:   1.35 kB
[90mΓöé[39m  storybook-static/assets/Page.stories-Cl0pkujN.js
[90mΓöé[39m  3.62 kB Γöé gzip:   1.57 kB
[90mΓöé[39m  storybook-static/assets/chunk-3LY4VQVK-DcXFgkyS.js
[90mΓöé[39m  4.03 kB Γöé gzip:   1.71 kB
[90mΓöé[39m  storybook-static/assets/Link.stories-D-T0UcRt.js
[90mΓöé[39m  4.18 kB Γöé gzip:   1.79 kB
[90mΓöé[39m  storybook-static/assets/Checkbox.stories-uqBD4oHU.js
[90mΓöé[39m  4.53 kB Γöé gzip:   1.99 kB
[90mΓöé[39m  storybook-static/assets/TextField-j9GLtIoq.js
[90mΓöé[39m  4.88 kB Γöé gzip:   2.07 kB
[90mΓöé[39m  storybook-static/assets/FormControlLabel-DxGC3rsa.js
[90mΓöé[39m  5.58 kB Γöé gzip:   2.39 kB
[90mΓöé[39m  storybook-static/assets/Select.stories-CMNE1zcs.js
[90mΓöé[39m  5.78 kB Γöé gzip:   2.36 kB
[90mΓöé[39m  storybook-static/assets/List.stories-DN8WA3fB.js
[90mΓöé[39m  5.99 kB Γöé gzip:   2.33 kB
[90mΓöé[39m  storybook-static/assets/react-D1sJ83FZ.js
[90mΓöé[39m  7.52 kB Γöé gzip:   2.87 kB
[90mΓöé[39m  storybook-static/assets/Radio.stories-DOj6-VxL.js
[90mΓöé[39m  8.42 kB Γöé gzip:   3.31 kB
[90mΓöé[39m  storybook-static/assets/ButtonBase-CHwPJgPj.js
[90mΓöé[39m  8.96 kB Γöé gzip:   3.62 kB
[90mΓöé[39m  storybook-static/assets/useEventCallback-B_vd2S26.js
[90mΓöé[39m  10.22 kB Γöé gzip:   3.78 kB
[90mΓöé[39m  storybook-static/assets/Accordion.stories-D_NnLkcy.js
[90mΓöé[39m  12.19 kB Γöé gzip:   4.15 kB
[90mΓöé[39m  storybook-static/assets/chunk-RD3KTAHR-CMlnp6cK.js
[90mΓöé[39m  20.74 kB Γöé gzip:   6.92 kB
[90mΓöé[39m  storybook-static/vite-inject-mocker-entry.js
[90mΓöé[39m  27.85 kB Γöé gzip:   9.64 kB
[90mΓöé[39m  storybook-static/assets/matchers-5TDFFDYO-CR65y9l8.js
[90mΓöé[39m  28.81 kB Γöé gzip:   9.67 kB
[90mΓöé[39m  storybook-static/assets/Color-FRDS63T2-BtlGQLdB.js
[90mΓöé[39m  30.85 kB Γöé gzip:  11.57 kB
[90mΓöé[39m  storybook-static/assets/WithTooltip-65CFNBJE-Cc0Mg6__.js
[90mΓöé[39m  33.27 kB Γöé gzip:  11.67 kB
[90mΓöé[39m  storybook-static/assets/theming-DrC29ESS.js
[90mΓöé[39m  55.04 kB Γöé gzip:  21.23 kB
[90mΓöé[39m  storybook-static/assets/chunk-KJHJLCBK-D4KQrJF1.js
[90mΓöé[39m  59.36 kB Γöé gzip:  17.04 kB
[90mΓöé[39m  storybook-static/assets/Select-D9TfRjAg.js
[90mΓöé[39m  60.06 kB Γöé gzip:  18.61 kB
[90mΓöé[39m  storybook-static/assets/syntaxhighlighter-OH4MV7E3-BYTyi1v4.js
[90mΓöé[39m  76.14 kB Γöé gzip:  27.38 kB
[90mΓöé[39m  storybook-static/assets/styled-BmWGnhZx.js
[90mΓöé[39m  95.77 kB Γöé gzip:  34.31 kB
[90mΓöé[39m  storybook-static/assets/react-18-AExifLbo.js
[90mΓöé[39m  179.05 kB Γöé gzip:  56.63 kB
[90mΓöé[39m  storybook-static/assets/DocsRenderer-LL677BLK-BJht6MIG.js
[90mΓöé[39m  183.42 kB Γöé gzip:  58.28 kB
[90mΓöé[39m  storybook-static/assets/components-DMYHmhfA.js
[90mΓöé[39m  543.24 kB Γöé gzip: 172.66 kB
[90mΓöé[39m  storybook-static/assets/axe-BLIaF9TB.js
[90mΓöé[39m  571.01 kB Γöé gzip: 155.74 kB
[90mΓöé[39m  storybook-static/assets/iframe-CP5VySo4.js
[90mΓöé[39m  1,022.36 kB Γöé gzip: 288.87 kB

[90mΓöé[39m
[33mΓû▓[39m  [43mVite[49m [33m[plugin builtin:vite-reporter]
[90mΓöé[39m  (!) Some chunks are larger than 500 kB after minification. Consider:
[90mΓöé[39m  - Using dynamic import() to code-split the application
[90mΓöé[39m  - Use build.rolldownOptions.output.codeSplitting to improve chunking:
[90mΓöé[39m  ]8;;https://rolldown.rs/reference/OutputOptions.codeSplittinghttps://rolldown.rs/reference/OutputOptions.codeSplitting]8;;
[90mΓöé[39m  - Adjust chunk size limit for this warning via
[90mΓöé[39m  build.chunkSizeWarningLimit.[39m
[90mΓöé[39m  [43mVite[49m [32mΓ£ô built in 2.08s[39m
[90mΓöé[39m
[32mΓùç[39m  Output directory:
[90mΓöé[39m  C:/Users/rishi/OneDrive/Documents/code-playground/architecture-design/design-system-storybook/storybook-static
[90mΓöé[39m
[90mΓöö[39m  Storybook build completed successfully

